Archive member included to satisfy reference by file (symbol)

c:/st/stm32cubeide_1.5.0/stm32cubeide/plugins/com.st.stm32cube.ide.mcu.externaltools.gnu-tools-for-stm32.7-2018-q2-update.win32_1.5.0.202011040924/tools/bin/../lib/gcc/arm-none-eabi/7.3.1/../../../../arm-none-eabi/lib/thumb/v7e-m/fpv4-sp/hard\libc_nano.a(lib_a-errno.o)
                              Core/Src/syscalls.o (__errno)
c:/st/stm32cubeide_1.5.0/stm32cubeide/plugins/com.st.stm32cube.ide.mcu.externaltools.gnu-tools-for-stm32.7-2018-q2-update.win32_1.5.0.202011040924/tools/bin/../lib/gcc/arm-none-eabi/7.3.1/../../../../arm-none-eabi/lib/thumb/v7e-m/fpv4-sp/hard\libc_nano.a(lib_a-exit.o)
                              c:/st/stm32cubeide_1.5.0/stm32cubeide/plugins/com.st.stm32cube.ide.mcu.externaltools.gnu-tools-for-stm32.7-2018-q2-update.win32_1.5.0.202011040924/tools/bin/../lib/gcc/arm-none-eabi/7.3.1/../../../../arm-none-eabi/lib/thumb/v7e-m/fpv4-sp/hard/crt0.o (exit)
c:/st/stm32cubeide_1.5.0/stm32cubeide/plugins/com.st.stm32cube.ide.mcu.externaltools.gnu-tools-for-stm32.7-2018-q2-update.win32_1.5.0.202011040924/tools/bin/../lib/gcc/arm-none-eabi/7.3.1/../../../../arm-none-eabi/lib/thumb/v7e-m/fpv4-sp/hard\libc_nano.a(lib_a-impure.o)
                              c:/st/stm32cubeide_1.5.0/stm32cubeide/plugins/com.st.stm32cube.ide.mcu.externaltools.gnu-tools-for-stm32.7-2018-q2-update.win32_1.5.0.202011040924/tools/bin/../lib/gcc/arm-none-eabi/7.3.1/../../../../arm-none-eabi/lib/thumb/v7e-m/fpv4-sp/hard\libc_nano.a(lib_a-exit.o) (_global_impure_ptr)
c:/st/stm32cubeide_1.5.0/stm32cubeide/plugins/com.st.stm32cube.ide.mcu.externaltools.gnu-tools-for-stm32.7-2018-q2-update.win32_1.5.0.202011040924/tools/bin/../lib/gcc/arm-none-eabi/7.3.1/../../../../arm-none-eabi/lib/thumb/v7e-m/fpv4-sp/hard\libc_nano.a(lib_a-init.o)
                              c:/st/stm32cubeide_1.5.0/stm32cubeide/plugins/com.st.stm32cube.ide.mcu.externaltools.gnu-tools-for-stm32.7-2018-q2-update.win32_1.5.0.202011040924/tools/bin/../lib/gcc/arm-none-eabi/7.3.1/../../../../arm-none-eabi/lib/thumb/v7e-m/fpv4-sp/hard/crt0.o (__libc_init_array)
c:/st/stm32cubeide_1.5.0/stm32cubeide/plugins/com.st.stm32cube.ide.mcu.externaltools.gnu-tools-for-stm32.7-2018-q2-update.win32_1.5.0.202011040924/tools/bin/../lib/gcc/arm-none-eabi/7.3.1/../../../../arm-none-eabi/lib/thumb/v7e-m/fpv4-sp/hard\libc_nano.a(lib_a-memset.o)
                              c:/st/stm32cubeide_1.5.0/stm32cubeide/plugins/com.st.stm32cube.ide.mcu.externaltools.gnu-tools-for-stm32.7-2018-q2-update.win32_1.5.0.202011040924/tools/bin/../lib/gcc/arm-none-eabi/7.3.1/../../../../arm-none-eabi/lib/thumb/v7e-m/fpv4-sp/hard/crt0.o (memset)

Allocating common symbols
Common symbol       size              file

uwTick              0x4               Drivers/STM32L4xx_HAL_Driver/Src/stm32l4xx_hal.o

Discarded input sections

 .text          0x0000000000000000        0x0 c:/st/stm32cubeide_1.5.0/stm32cubeide/plugins/com.st.stm32cube.ide.mcu.externaltools.gnu-tools-for-stm32.7-2018-q2-update.win32_1.5.0.202011040924/tools/bin/../lib/gcc/arm-none-eabi/7.3.1/thumb/v7e-m/fpv4-sp/hard/crti.o
 .data          0x0000000000000000        0x0 c:/st/stm32cubeide_1.5.0/stm32cubeide/plugins/com.st.stm32cube.ide.mcu.externaltools.gnu-tools-for-stm32.7-2018-q2-update.win32_1.5.0.202011040924/tools/bin/../lib/gcc/arm-none-eabi/7.3.1/thumb/v7e-m/fpv4-sp/hard/crti.o
 .bss           0x0000000000000000        0x0 c:/st/stm32cubeide_1.5.0/stm32cubeide/plugins/com.st.stm32cube.ide.mcu.externaltools.gnu-tools-for-stm32.7-2018-q2-update.win32_1.5.0.202011040924/tools/bin/../lib/gcc/arm-none-eabi/7.3.1/thumb/v7e-m/fpv4-sp/hard/crti.o
 .data          0x0000000000000000        0x4 c:/st/stm32cubeide_1.5.0/stm32cubeide/plugins/com.st.stm32cube.ide.mcu.externaltools.gnu-tools-for-stm32.7-2018-q2-update.win32_1.5.0.202011040924/tools/bin/../lib/gcc/arm-none-eabi/7.3.1/thumb/v7e-m/fpv4-sp/hard/crtbegin.o
 .text          0x0000000000000000       0x74 c:/st/stm32cubeide_1.5.0/stm32cubeide/plugins/com.st.stm32cube.ide.mcu.externaltools.gnu-tools-for-stm32.7-2018-q2-update.win32_1.5.0.202011040924/tools/bin/../lib/gcc/arm-none-eabi/7.3.1/../../../../arm-none-eabi/lib/thumb/v7e-m/fpv4-sp/hard/crt0.o
 .data          0x0000000000000000        0x0 c:/st/stm32cubeide_1.5.0/stm32cubeide/plugins/com.st.stm32cube.ide.mcu.externaltools.gnu-tools-for-stm32.7-2018-q2-update.win32_1.5.0.202011040924/tools/bin/../lib/gcc/arm-none-eabi/7.3.1/../../../../arm-none-eabi/lib/thumb/v7e-m/fpv4-sp/hard/crt0.o
 .bss           0x0000000000000000        0x0 c:/st/stm32cubeide_1.5.0/stm32cubeide/plugins/com.st.stm32cube.ide.mcu.externaltools.gnu-tools-for-stm32.7-2018-q2-update.win32_1.5.0.202011040924/tools/bin/../lib/gcc/arm-none-eabi/7.3.1/../../../../arm-none-eabi/lib/thumb/v7e-m/fpv4-sp/hard/crt0.o
[...]
Memory Configuration

Name             Origin             Length             Attributes
RAM              0x0000000020000000 0x0000000000010000 xrw
FLASH            0x0000000008000000 0x0000000000040000 xr
*default*        0x0000000000000000 0xffffffffffffffff

Linker script and memory map

LOAD c:/st/stm32cubeide_1.5.0/stm32cubeide/plugins/com.st.stm32cube.ide.mcu.externaltools.gnu-tools-for-stm32.7-2018-q2-update.win32_1.5.0.202011040924/tools/bin/../lib/gcc/arm-none-eabi/7.3.1/thumb/v7e-m/fpv4-sp/hard/crti.o
LOAD c:/st/stm32cubeide_1.5.0/stm32cubeide/plugins/com.st.stm32cube.ide.mcu.externaltools.gnu-tools-for-stm32.7-2018-q2-update.win32_1.5.0.202011040924/tools/bin/../lib/gcc/arm-none-eabi/7.3.1/thumb/v7e-m/fpv4-sp/hard/crtbegin.o
LOAD c:/st/stm32cubeide_1.5.0/stm32cubeide/plugins/com.st.stm32cube.ide.mcu.externaltools.gnu-tools-for-stm32.7-2018-q2-update.win32_1.5.0.202011040924/tools/bin/../lib/gcc/arm-none-eabi/7.3.1/../../../../arm-none-eabi/lib/thumb/v7e-m/fpv4-sp/hard/crt0.o
LOAD Core/Src/main.o
LOAD Core/Src/stm32l4xx_hal_msp.o
LOAD Core/Src/stm32l4xx_it.o
LOAD Core/Src/syscalls.o
LOAD Core/Src/sysmem.o
LOAD Core/Src/system_stm32l4xx.o
LOAD Core/Startup/startup_stm32l432kcux.o
LOAD Drivers/STM32L4xx_HAL_Driver/Src/stm32l4xx_hal.o
LOAD Drivers/STM32L4xx_HAL_Driver/Src/stm32l4xx_hal_cortex.o
LOAD Drivers/STM32L4xx_HAL_Driver/Src/stm32l4xx_hal_dma.o
LOAD Drivers/STM32L4xx_HAL_Driver/Src/stm32l4xx_hal_dma_ex.o
LOAD Drivers/STM32L4xx_HAL_Driver/Src/stm32l4xx_hal_exti.o
LOAD Drivers/STM32L4xx_HAL_Driver/Src/stm32l4xx_hal_flash.o
LOAD Drivers/STM32L4xx_HAL_Driver/Src/stm32l4xx_hal_flash_ex.o
LOAD Drivers/STM32L4xx_HAL_Driver/Src/stm32l4xx_hal_flash_ramfunc.o
LOAD Drivers/STM32L4xx_HAL_Driver/Src/stm32l4xx_hal_gpio.o
LOAD Drivers/STM32L4xx_HAL_Driver/Src/stm32l4xx_hal_i2c.o
LOAD Drivers/STM32L4xx_HAL_Driver/Src/stm32l4xx_hal_i2c_ex.o
LOAD Drivers/STM32L4xx_HAL_Driver/Src/stm32l4xx_hal_pwr.o
LOAD Drivers/STM32L4xx_HAL_Driver/Src/stm32l4xx_hal_pwr_ex.o
LOAD Drivers/STM32L4xx_HAL_Driver/Src/stm32l4xx_hal_rcc.o
LOAD Drivers/STM32L4xx_HAL_Driver/Src/stm32l4xx_hal_rcc_ex.o
LOAD Drivers/STM32L4xx_HAL_Driver/Src/stm32l4xx_hal_tim.o
LOAD Drivers/STM32L4xx_HAL_Driver/Src/stm32l4xx_hal_tim_ex.o
START GROUP
LOAD c:/st/stm32cubeide_1.5.0/stm32cubeide/plugins/com.st.stm32cube.ide.mcu.externaltools.gnu-tools-for-stm32.7-2018-q2-update.win32_1.5.0.202011040924/tools/bin/../lib/gcc/arm-none-eabi/7.3.1/../../../../arm-none-eabi/lib/thumb/v7e-m/fpv4-sp/hard\libc_nano.a
LOAD c:/st/stm32cubeide_1.5.0/stm32cubeide/plugins/com.st.stm32cube.ide.mcu.externaltools.gnu-tools-for-stm32.7-2018-q2-update.win32_1.5.0.202011040924/tools/bin/../lib/gcc/arm-none-eabi/7.3.1/../../../../arm-none-eabi/lib/thumb/v7e-m/fpv4-sp/hard\libm.a
END GROUP
START GROUP
LOAD c:/st/stm32cubeide_1.5.0/stm32cubeide/plugins/com.st.stm32cube.ide.mcu.externaltools.gnu-tools-for-stm32.7-2018-q2-update.win32_1.5.0.202011040924/tools/bin/../lib/gcc/arm-none-eabi/7.3.1/thumb/v7e-m/fpv4-sp/hard\libgcc.a
LOAD c:/st/stm32cubeide_1.5.0/stm32cubeide/plugins/com.st.stm32cube.ide.mcu.externaltools.gnu-tools-for-stm32.7-2018-q2-update.win32_1.5.0.202011040924/tools/bin/../lib/gcc/arm-none-eabi/7.3.1/../../../../arm-none-eabi/lib/thumb/v7e-m/fpv4-sp/hard\libc_nano.a
END GROUP
START GROUP
LOAD c:/st/stm32cubeide_1.5.0/stm32cubeide/plugins/com.st.stm32cube.ide.mcu.externaltools.gnu-tools-for-stm32.7-2018-q2-update.win32_1.5.0.202011040924/tools/bin/../lib/gcc/arm-none-eabi/7.3.1/thumb/v7e-m/fpv4-sp/hard\libgcc.a
LOAD c:/st/stm32cubeide_1.5.0/stm32cubeide/plugins/com.st.stm32cube.ide.mcu.externaltools.gnu-tools-for-stm32.7-2018-q2-update.win32_1.5.0.202011040924/tools/bin/../lib/gcc/arm-none-eabi/7.3.1/../../../../arm-none-eabi/lib/thumb/v7e-m/fpv4-sp/hard\libc_nano.a
LOAD c:/st/stm32cubeide_1.5.0/stm32cubeide/plugins/com.st.stm32cube.ide.mcu.externaltools.gnu-tools-for-stm32.7-2018-q2-update.win32_1.5.0.202011040924/tools/bin/../lib/gcc/arm-none-eabi/7.3.1/../../../../arm-none-eabi/lib/thumb/v7e-m/fpv4-sp/hard\libnosys.a
END GROUP
START GROUP
LOAD c:/st/stm32cubeide_1.5.0/stm32cubeide/plugins/com.st.stm32cube.ide.mcu.externaltools.gnu-tools-for-stm32.7-2018-q2-update.win32_1.5.0.202011040924/tools/bin/../lib/gcc/arm-none-eabi/7.3.1/thumb/v7e-m/fpv4-sp/hard\libgcc.a
LOAD c:/st/stm32cubeide_1.5.0/stm32cubeide/plugins/com.st.stm32cube.ide.mcu.externaltools.gnu-tools-for-stm32.7-2018-q2-update.win32_1.5.0.202011040924/tools/bin/../lib/gcc/arm-none-eabi/7.3.1/../../../../arm-none-eabi/lib/thumb/v7e-m/fpv4-sp/hard\libc_nano.a
LOAD c:/st/stm32cubeide_1.5.0/stm32cubeide/plugins/com.st.stm32cube.ide.mcu.externaltools.gnu-tools-for-stm32.7-2018-q2-update.win32_1.5.0.202011040924/tools/bin/../lib/gcc/arm-none-eabi/7.3.1/../../../../arm-none-eabi/lib/thumb/v7e-m/fpv4-sp/hard\libnosys.a
END GROUP
LOAD c:/st/stm32cubeide_1.5.0/stm32cubeide/plugins/com.st.stm32cube.ide.mcu.externaltools.gnu-tools-for-stm32.7-2018-q2-update.win32_1.5.0.202011040924/tools/bin/../lib/gcc/arm-none-eabi/7.3.1/thumb/v7e-m/fpv4-sp/hard/crtend.o
LOAD c:/st/stm32cubeide_1.5.0/stm32cubeide/plugins/com.st.stm32cube.ide.mcu.externaltools.gnu-tools-for-stm32.7-2018-q2-update.win32_1.5.0.202011040924/tools/bin/../lib/gcc/arm-none-eabi/7.3.1/thumb/v7e-m/fpv4-sp/hard/crtn.o
                0x0000000020010000                _estack = (ORIGIN (RAM) + LENGTH (RAM))
                0x0000000000000200                _Min_Heap_Size = 0x200
                0x0000000000000400                _Min_Stack_Size = 0x400

.isr_vector     0x0000000008000000      0x18c
                0x0000000008000000                . = ALIGN (0x4)
 *(.isr_vector)
 .isr_vector    0x0000000008000000      0x18c Core/Startup/startup_stm32l432kcux.o
                0x0000000008000000                g_pfnVectors
                0x000000000800018c                . = ALIGN (0x4)

.text           0x000000000800018c     0x1624
                0x000000000800018c                . = ALIGN (0x4)
 *(.text)
 .text          0x000000000800018c       0x40 c:/st/stm32cubeide_1.5.0/stm32cubeide/plugins/com.st.stm32cube.ide.mcu.externaltools.gnu-tools-for-stm32.7-2018-q2-update.win32_1.5.0.202011040924/tools/bin/../lib/gcc/arm-none-eabi/7.3.1/thumb/v7e-m/fpv4-sp/hard/crtbegin.o
 *(.text*)
 .text.main     0x00000000080001cc       0x44 Core/Src/main.o
                0x00000000080001cc                main
 .text.SystemClock_Config
                0x0000000008000210       0x8c Core/Src/main.o
                0x0000000008000210                SystemClock_Config
 .text.MX_GPIO_Init
                0x000000000800029c       0xb8 Core/Src/main.o
 .text.Error_Handler
                0x0000000008000354        0x8 Core/Src/main.o
                0x0000000008000354                Error_Handler
 .text.HAL_MspInit
                0x000000000800035c       0x48 Core/Src/stm32l4xx_hal_msp.o
                0x000000000800035c                HAL_MspInit
 .text.NMI_Handler
                0x00000000080003a4        0x6 Core/Src/stm32l4xx_it.o
                0x00000000080003a4                NMI_Handler
 .text.HardFault_Handler
                0x00000000080003aa        0x6 Core/Src/stm32l4xx_it.o
                0x00000000080003aa                HardFault_Handler
 .text.MemManage_Handler
                0x00000000080003b0        0x6 Core/Src/stm32l4xx_it.o
                0x00000000080003b0                MemManage_Handler
 .text.BusFault_Handler
                0x00000000080003b6        0x6 Core/Src/stm32l4xx_it.o
                0x00000000080003b6                BusFault_Handler
 .text.UsageFault_Handler
                0x00000000080003bc        0x6 Core/Src/stm32l4xx_it.o
                0x00000000080003bc                UsageFault_Handler
 .text.SVC_Handler
                0x00000000080003c2        0xe Core/Src/stm32l4xx_it.o
                0x00000000080003c2                SVC_Handler
 .text.DebugMon_Handler
                0x00000000080003d0        0xe Core/Src/stm32l4xx_it.o
                0x00000000080003d0                DebugMon_Handler
 .text.PendSV_Handler
                0x00000000080003de        0xe Core/Src/stm32l4xx_it.o
                0x00000000080003de                PendSV_Handler
 .text.SysTick_Handler
                0x00000000080003ec        0xc Core/Src/stm32l4xx_it.o
                0x00000000080003ec                SysTick_Handler
 .text.SystemInit
                0x00000000080003f8       0x6c Core/Src/system_stm32l4xx.o
                0x00000000080003f8                SystemInit
 .text.Reset_Handler
                0x0000000008000464       0x50 Core/Startup/startup_stm32l432kcux.o
                0x0000000008000464                Reset_Handler
 .text.Default_Handler
                0x00000000080004b4        0x2 Core/Startup/startup_stm32l432kcux.o
                0x00000000080004b4                RTC_Alarm_IRQHandler
                0x00000000080004b4                EXTI2_IRQHandler
                0x00000000080004b4                TIM1_CC_IRQHandler
                0x00000000080004b4                TSC_IRQHandler
                0x00000000080004b4                TAMP_STAMP_IRQHandler
                0x00000000080004b4                EXTI3_IRQHandler
                0x00000000080004b4                LPTIM2_IRQHandler
                0x00000000080004b4                I2C3_ER_IRQHandler
                0x00000000080004b4                EXTI0_IRQHandler
                0x00000000080004b4                CAN1_RX0_IRQHandler
                0x00000000080004b4                FPU_IRQHandler
                0x00000000080004b4                TIM1_UP_TIM16_IRQHandler
                0x00000000080004b4                SPI1_IRQHandler
                0x00000000080004b4                TIM6_DAC_IRQHandler
                0x00000000080004b4                DMA2_Channel2_IRQHandler
                0x00000000080004b4                DMA1_Channel4_IRQHandler
                0x00000000080004b4                ADC1_IRQHandler
                0x00000000080004b4                DMA1_Channel7_IRQHandler
                0x00000000080004b4                CAN1_RX1_IRQHandler
                0x00000000080004b4                DMA2_Channel1_IRQHandler
                0x00000000080004b4                QUADSPI_IRQHandler
                0x00000000080004b4                I2C1_EV_IRQHandler
                0x00000000080004b4                DMA1_Channel6_IRQHandler
                0x00000000080004b4                DMA2_Channel4_IRQHandler
                0x00000000080004b4                RCC_IRQHandler
                0x00000000080004b4                TIM1_TRG_COM_IRQHandler
                0x00000000080004b4                DMA1_Channel1_IRQHandler
                0x00000000080004b4                Default_Handler
                0x00000000080004b4                DMA2_Channel7_IRQHandler
                0x00000000080004b4                EXTI15_10_IRQHandler
                0x00000000080004b4                TIM7_IRQHandler
                0x00000000080004b4                I2C3_EV_IRQHandler
                0x00000000080004b4                USB_IRQHandler
                0x00000000080004b4                EXTI9_5_IRQHandler
                0x00000000080004b4                RTC_WKUP_IRQHandler
                0x00000000080004b4                PVD_PVM_IRQHandler
                0x00000000080004b4                CAN1_TX_IRQHandler
                0x00000000080004b4                DMA2_Channel5_IRQHandler
                0x00000000080004b4                CRS_IRQHandler
                0x00000000080004b4                DMA1_Channel5_IRQHandler
                0x00000000080004b4                EXTI4_IRQHandler
                0x00000000080004b4                RNG_IRQHandler
                0x00000000080004b4                DMA1_Channel3_IRQHandler
                0x00000000080004b4                COMP_IRQHandler
                0x00000000080004b4                WWDG_IRQHandler
                0x00000000080004b4                LPUART1_IRQHandler
                0x00000000080004b4                DMA2_Channel6_IRQHandler
                0x00000000080004b4                TIM2_IRQHandler
                0x00000000080004b4                EXTI1_IRQHandler
                0x00000000080004b4                USART2_IRQHandler
                0x00000000080004b4                DMA1_Channel2_IRQHandler
                0x00000000080004b4                CAN1_SCE_IRQHandler
                0x00000000080004b4                FLASH_IRQHandler
                0x00000000080004b4                USART1_IRQHandler
                0x00000000080004b4                SPI3_IRQHandler
                0x00000000080004b4                I2C1_ER_IRQHandler
                0x00000000080004b4                SWPMI1_IRQHandler
                0x00000000080004b4                LPTIM1_IRQHandler
                0x00000000080004b4                SAI1_IRQHandler
                0x00000000080004b4                DMA2_Channel3_IRQHandler
                0x00000000080004b4                TIM1_BRK_TIM15_IRQHandler
 .text.HAL_Init
                0x00000000080004b6       0x30 Drivers/STM32L4xx_HAL_Driver/Src/stm32l4xx_hal.o
                0x00000000080004b6                HAL_Init
 *fill*         0x00000000080004e6        0x2 
 .text.HAL_InitTick
                0x00000000080004e8       0x78 Drivers/STM32L4xx_HAL_Driver/Src/stm32l4xx_hal.o
                0x00000000080004e8                HAL_InitTick
 .text.HAL_IncTick
                0x0000000008000560       0x28 Drivers/STM32L4xx_HAL_Driver/Src/stm32l4xx_hal.o
                0x0000000008000560                HAL_IncTick
 .text.HAL_GetTick
                0x0000000008000588       0x18 Drivers/STM32L4xx_HAL_Driver/Src/stm32l4xx_hal.o
                0x0000000008000588                HAL_GetTick
 .text.__NVIC_SetPriorityGrouping
                0x00000000080005a0       0x48 Drivers/STM32L4xx_HAL_Driver/Src/stm32l4xx_hal_cortex.o
 .text.__NVIC_GetPriorityGrouping
                0x00000000080005e8       0x1c Drivers/STM32L4xx_HAL_Driver/Src/stm32l4xx_hal_cortex.o
 .text.__NVIC_SetPriority
                0x0000000008000604       0x54 Drivers/STM32L4xx_HAL_Driver/Src/stm32l4xx_hal_cortex.o
 .text.NVIC_EncodePriority
                0x0000000008000658       0x66 Drivers/STM32L4xx_HAL_Driver/Src/stm32l4xx_hal_cortex.o
 *fill*         0x00000000080006be        0x2 
 .text.SysTick_Config
                0x00000000080006c0       0x44 Drivers/STM32L4xx_HAL_Driver/Src/stm32l4xx_hal_cortex.o
 .text.HAL_NVIC_SetPriorityGrouping
                0x0000000008000704       0x16 Drivers/STM32L4xx_HAL_Driver/Src/stm32l4xx_hal_cortex.o
                0x0000000008000704                HAL_NVIC_SetPriorityGrouping
 .text.HAL_NVIC_SetPriority
                0x000000000800071a       0x38 Drivers/STM32L4xx_HAL_Driver/Src/stm32l4xx_hal_cortex.o
                0x000000000800071a                HAL_NVIC_SetPriority
 .text.HAL_SYSTICK_Config
                0x0000000008000752       0x18 Drivers/STM32L4xx_HAL_Driver/Src/stm32l4xx_hal_cortex.o
                0x0000000008000752                HAL_SYSTICK_Config
 *fill*         0x000000000800076a        0x2 
 .text.HAL_GPIO_Init
                0x000000000800076c      0x2d4 Drivers/STM32L4xx_HAL_Driver/Src/stm32l4xx_hal_gpio.o
                0x000000000800076c                HAL_GPIO_Init
 .text.HAL_GPIO_ReadPin
                0x0000000008000a40       0x30 Drivers/STM32L4xx_HAL_Driver/Src/stm32l4xx_hal_gpio.o
                0x0000000008000a40                HAL_GPIO_ReadPin
 .text.HAL_GPIO_WritePin
                0x0000000008000a70       0x30 Drivers/STM32L4xx_HAL_Driver/Src/stm32l4xx_hal_gpio.o
                0x0000000008000a70                HAL_GPIO_WritePin
 .text.HAL_PWREx_GetVoltageRange
                0x0000000008000aa0       0x1c Drivers/STM32L4xx_HAL_Driver/Src/stm32l4xx_hal_pwr_ex.o
                0x0000000008000aa0                HAL_PWREx_GetVoltageRange
 .text.HAL_PWREx_ControlVoltageScaling
                0x0000000008000abc       0xac Drivers/STM32L4xx_HAL_Driver/Src/stm32l4xx_hal_pwr_ex.o
                0x0000000008000abc                HAL_PWREx_ControlVoltageScaling
 .text.HAL_RCC_OscConfig
                0x0000000008000b68      0x840 Drivers/STM32L4xx_HAL_Driver/Src/stm32l4xx_hal_rcc.o
                0x0000000008000b68                HAL_RCC_OscConfig
 .text.HAL_RCC_ClockConfig
                0x00000000080013a8      0x1c4 Drivers/STM32L4xx_HAL_Driver/Src/stm32l4xx_hal_rcc.o
                0x00000000080013a8                HAL_RCC_ClockConfig
 .text.HAL_RCC_GetSysClockFreq
                0x000000000800156c      0x114 Drivers/STM32L4xx_HAL_Driver/Src/stm32l4xx_hal_rcc.o
                0x000000000800156c                HAL_RCC_GetSysClockFreq
 .text.RCC_SetFlashLatencyFromMSIRange
                0x0000000008001680       0xc0 Drivers/STM32L4xx_HAL_Driver/Src/stm32l4xx_hal_rcc.o
 .text.__libc_init_array
                0x0000000008001740       0x48 c:/st/stm32cubeide_1.5.0/stm32cubeide/plugins/com.st.stm32cube.ide.mcu.externaltools.gnu-tools-for-stm32.7-2018-q2-update.win32_1.5.0.202011040924/tools/bin/../lib/gcc/arm-none-eabi/7.3.1/../../../../arm-none-eabi/lib/thumb/v7e-m/fpv4-sp/hard\libc_nano.a(lib_a-init.o)
                0x0000000008001740                __libc_init_array
 .text.memset   0x0000000008001788       0x10 c:/st/stm32cubeide_1.5.0/stm32cubeide/plugins/com.st.stm32cube.ide.mcu.externaltools.gnu-tools-for-stm32.7-2018-q2-update.win32_1.5.0.202011040924/tools/bin/../lib/gcc/arm-none-eabi/7.3.1/../../../../arm-none-eabi/lib/thumb/v7e-m/fpv4-sp/hard\libc_nano.a(lib_a-memset.o)
                0x0000000008001788                memset
 *(.glue_7)
 .glue_7        0x0000000008001798        0x0 linker stubs
 *(.glue_7t)
 .glue_7t       0x0000000008001798        0x0 linker stubs
 *(.eh_frame)
 .eh_frame      0x0000000008001798        0x0 c:/st/stm32cubeide_1.5.0/stm32cubeide/plugins/com.st.stm32cube.ide.mcu.externaltools.gnu-tools-for-stm32.7-2018-q2-update.win32_1.5.0.202011040924/tools/bin/../lib/gcc/arm-none-eabi/7.3.1/thumb/v7e-m/fpv4-sp/hard/crtbegin.o
 *(.init)
 .init          0x0000000008001798        0x4 c:/st/stm32cubeide_1.5.0/stm32cubeide/plugins/com.st.stm32cube.ide.mcu.externaltools.gnu-tools-for-stm32.7-2018-q2-update.win32_1.5.0.202011040924/tools/bin/../lib/gcc/arm-none-eabi/7.3.1/thumb/v7e-m/fpv4-sp/hard/crti.o
                0x0000000008001798                _init
 .init          0x000000000800179c        0x8 c:/st/stm32cubeide_1.5.0/stm32cubeide/plugins/com.st.stm32cube.ide.mcu.externaltools.gnu-tools-for-stm32.7-2018-q2-update.win32_1.5.0.202011040924/tools/bin/../lib/gcc/arm-none-eabi/7.3.1/thumb/v7e-m/fpv4-sp/hard/crtn.o
 *(.fini)
 .fini          0x00000000080017a4        0x4 c:/st/stm32cubeide_1.5.0/stm32cubeide/plugins/com.st.stm32cube.ide.mcu.externaltools.gnu-tools-for-stm32.7-2018-q2-update.win32_1.5.0.202011040924/tools/bin/../lib/gcc/arm-none-eabi/7.3.1/thumb/v7e-m/fpv4-sp/hard/crti.o
                0x00000000080017a4                _fini
 .fini          0x00000000080017a8        0x8 c:/st/stm32cubeide_1.5.0/stm32cubeide/plugins/com.st.stm32cube.ide.mcu.externaltools.gnu-tools-for-stm32.7-2018-q2-update.win32_1.5.0.202011040924/tools/bin/../lib/gcc/arm-none-eabi/7.3.1/thumb/v7e-m/fpv4-sp/hard/crtn.o
                0x00000000080017b0                . = ALIGN (0x4)
                0x00000000080017b0                _etext = .

.vfp11_veneer   0x00000000080017b0        0x0
 .vfp11_veneer  0x00000000080017b0        0x0 linker stubs

.v4_bx          0x00000000080017b0        0x0
 .v4_bx         0x00000000080017b0        0x0 linker stubs

.iplt           0x00000000080017b0        0x0
 .iplt          0x00000000080017b0        0x0 c:/st/stm32cubeide_1.5.0/stm32cubeide/plugins/com.st.stm32cube.ide.mcu.externaltools.gnu-tools-for-stm32.7-2018-q2-update.win32_1.5.0.202011040924/tools/bin/../lib/gcc/arm-none-eabi/7.3.1/thumb/v7e-m/fpv4-sp/hard/crtbegin.o

.rodata         0x00000000080017b0       0x40
                0x00000000080017b0                . = ALIGN (0x4)
 *(.rodata)
 *(.rodata*)
 .rodata.AHBPrescTable
                0x00000000080017b0       0x10 Core/Src/system_stm32l4xx.o
                0x00000000080017b0                AHBPrescTable
 .rodata.MSIRangeTable
                0x00000000080017c0       0x30 Core/Src/system_stm32l4xx.o
                0x00000000080017c0                MSIRangeTable
                0x00000000080017f0                . = ALIGN (0x4)

.rel.dyn        0x00000000080017f0        0x0
 .rel.iplt      0x00000000080017f0        0x0 c:/st/stm32cubeide_1.5.0/stm32cubeide/plugins/com.st.stm32cube.ide.mcu.externaltools.gnu-tools-for-stm32.7-2018-q2-update.win32_1.5.0.202011040924/tools/bin/../lib/gcc/arm-none-eabi/7.3.1/thumb/v7e-m/fpv4-sp/hard/crtbegin.o

.ARM.extab      0x00000000080017f0        0x0
                0x00000000080017f0                . = ALIGN (0x4)
 *(.ARM.extab* .gnu.linkonce.armextab.*)
                0x00000000080017f0                . = ALIGN (0x4)

.ARM            0x00000000080017f0        0x0
                0x00000000080017f0                . = ALIGN (0x4)
                0x00000000080017f0                __exidx_start = .
 *(.ARM.exidx*)
                0x00000000080017f0                __exidx_end = .
                0x00000000080017f0                . = ALIGN (0x4)

.preinit_array  0x00000000080017f0        0x0
                0x00000000080017f0                . = ALIGN (0x4)
                0x00000000080017f0                PROVIDE (__preinit_array_start = .)
 *(.preinit_array*)
                0x00000000080017f0                PROVIDE (__preinit_array_end = .)
                0x00000000080017f0                . = ALIGN (0x4)

.init_array     0x00000000080017f0        0x4
                0x00000000080017f0                . = ALIGN (0x4)
                0x00000000080017f0                PROVIDE (__init_array_start = .)
 *(SORT_BY_NAME(.init_array.*))
 *(.init_array*)
 .init_array    0x00000000080017f0        0x4 c:/st/stm32cubeide_1.5.0/stm32cubeide/plugins/com.st.stm32cube.ide.mcu.externaltools.gnu-tools-for-stm32.7-2018-q2-update.win32_1.5.0.202011040924/tools/bin/../lib/gcc/arm-none-eabi/7.3.1/thumb/v7e-m/fpv4-sp/hard/crtbegin.o
                0x00000000080017f4                PROVIDE (__init_array_end = .)
                0x00000000080017f4                . = ALIGN (0x4)

.fini_array     0x00000000080017f4        0x4
                0x00000000080017f4                . = ALIGN (0x4)
                [!provide]                        PROVIDE (__fini_array_start = .)
 *(SORT_BY_NAME(.fini_array.*))
 *(.fini_array*)
 .fini_array    0x00000000080017f4        0x4 c:/st/stm32cubeide_1.5.0/stm32cubeide/plugins/com.st.stm32cube.ide.mcu.externaltools.gnu-tools-for-stm32.7-2018-q2-update.win32_1.5.0.202011040924/tools/bin/../lib/gcc/arm-none-eabi/7.3.1/thumb/v7e-m/fpv4-sp/hard/crtbegin.o
                [!provide]                        PROVIDE (__fini_array_end = .)
                0x00000000080017f8                . = ALIGN (0x4)
                0x00000000080017f8                _sidata = LOADADDR (.data)

.data           0x0000000020000000       0x10 load address 0x00000000080017f8
                0x0000000020000000                . = ALIGN (0x4)
                0x0000000020000000                _sdata = .
 *(.data)
 *(.data*)
 .data.ledState
                0x0000000020000000        0x4 Core/Src/main.o
                0x0000000020000000                ledState
 .data.SystemCoreClock
                0x0000000020000004        0x4 Core/Src/system_stm32l4xx.o
                0x0000000020000004                SystemCoreClock
 .data.uwTickPrio
                0x0000000020000008        0x4 Drivers/STM32L4xx_HAL_Driver/Src/stm32l4xx_hal.o
                0x0000000020000008                uwTickPrio
 .data.uwTickFreq
                0x000000002000000c        0x1 Drivers/STM32L4xx_HAL_Driver/Src/stm32l4xx_hal.o
                0x000000002000000c                uwTickFreq
 *(.RamFunc)
 *(.RamFunc*)
                0x0000000020000010                . = ALIGN (0x4)
 *fill*         0x000000002000000d        0x3 
                0x0000000020000010                _edata = .

.igot.plt       0x0000000020000010        0x0 load address 0x0000000008001808
 .igot.plt      0x0000000020000010        0x0 c:/st/stm32cubeide_1.5.0/stm32cubeide/plugins/com.st.stm32cube.ide.mcu.externaltools.gnu-tools-for-stm32.7-2018-q2-update.win32_1.5.0.202011040924/tools/bin/../lib/gcc/arm-none-eabi/7.3.1/thumb/v7e-m/fpv4-sp/hard/crtbegin.o
                0x0000000020000010                . = ALIGN (0x4)

.bss            0x0000000020000010       0x20 load address 0x0000000008001808
                0x0000000020000010                _sbss = .
                0x0000000020000010                __bss_start__ = _sbss
 *(.bss)
 .bss           0x0000000020000010       0x1c c:/st/stm32cubeide_1.5.0/stm32cubeide/plugins/com.st.stm32cube.ide.mcu.externaltools.gnu-tools-for-stm32.7-2018-q2-update.win32_1.5.0.202011040924/tools/bin/../lib/gcc/arm-none-eabi/7.3.1/thumb/v7e-m/fpv4-sp/hard/crtbegin.o
 *(.bss*)
 *(COMMON)
 COMMON         0x000000002000002c        0x4 Drivers/STM32L4xx_HAL_Driver/Src/stm32l4xx_hal.o
                0x000000002000002c                uwTick
                0x0000000020000030                . = ALIGN (0x4)
                0x0000000020000030                _ebss = .
                0x0000000020000030                __bss_end__ = _ebss

._user_heap_stack
                0x0000000020000030      0x600 load address 0x0000000008001808
                0x0000000020000030                . = ALIGN (0x8)
                [!provide]                        PROVIDE (end = .)
                0x0000000020000030                PROVIDE (_end = .)
                0x0000000020000230                . = (. + _Min_Heap_Size)
 *fill*         0x0000000020000030      0x200 
                0x0000000020000630                . = (. + _Min_Stack_Size)
 *fill*         0x0000000020000230      0x400 
                0x0000000020000630                . = ALIGN (0x8)

/DISCARD/
 libc.a(*)
 libm.a(*)
 libgcc.a(*)

.ARM.attributes
                0x0000000000000000       0x30
 *(.ARM.attributes)
 .ARM.attributes
                0x0000000000000000       0x22 c:/st/stm32cubeide_1.5.0/stm32cubeide/plugins/com.st.stm32cube.ide.mcu.externaltools.gnu-tools-for-stm32.7-2018-q2-update.win32_1.5.0.202011040924/tools/bin/../lib/gcc/arm-none-eabi/7.3.1/thumb/v7e-m/fpv4-sp/hard/crti.o
 .ARM.attributes
                0x0000000000000022       0x34 c:/st/stm32cubeide_1.5.0/stm32cubeide/plugins/com.st.stm32cube.ide.mcu.externaltools.gnu-tools-for-stm32.7-2018-q2-update.win32_1.5.0.202011040924/tools/bin/../lib/gcc/arm-none-eabi/7.3.1/thumb/v7e-m/fpv4-sp/hard/crtbegin.o
 .ARM.attributes
                0x0000000000000056       0x39 Core/Src/main.o
 .ARM.attributes
                0x000000000000008f       0x39 Core/Src/stm32l4xx_hal_msp.o
 .ARM.attributes
                0x00000000000000c8       0x39 Core/Src/stm32l4xx_it.o
 .ARM.attributes
                0x0000000000000101       0x39 Core/Src/system_stm32l4xx.o
 .ARM.attributes
                0x000000000000013a       0x21 Core/Startup/startup_stm32l432kcux.o
 .ARM.attributes
                0x000000000000015b       0x39 Drivers/STM32L4xx_HAL_Driver/Src/stm32l4xx_hal.o
 .ARM.attributes
                0x0000000000000194       0x39 Drivers/STM32L4xx_HAL_Driver/Src/stm32l4xx_hal_cortex.o
 .ARM.attributes
                0x00000000000001cd       0x39 Drivers/STM32L4xx_HAL_Driver/Src/stm32l4xx_hal_gpio.o
 .ARM.attributes
                0x0000000000000206       0x39 Drivers/STM32L4xx_HAL_Driver/Src/stm32l4xx_hal_pwr_ex.o
 .ARM.attributes
                0x000000000000023f       0x39 Drivers/STM32L4xx_HAL_Driver/Src/stm32l4xx_hal_rcc.o
 .ARM.attributes
                0x0000000000000278       0x34 c:/st/stm32cubeide_1.5.0/stm32cubeide/plugins/com.st.stm32cube.ide.mcu.externaltools.gnu-tools-for-stm32.7-2018-q2-update.win32_1.5.0.202011040924/tools/bin/../lib/gcc/arm-none-eabi/7.3.1/../../../../arm-none-eabi/lib/thumb/v7e-m/fpv4-sp/hard\libc_nano.a(lib_a-init.o)
 .ARM.attributes
                0x00000000000002ac       0x34 c:/st/stm32cubeide_1.5.0/stm32cubeide/plugins/com.st.stm32cube.ide.mcu.externaltools.gnu-tools-for-stm32.7-2018-q2-update.win32_1.5.0.202011040924/tools/bin/../lib/gcc/arm-none-eabi/7.3.1/../../../../arm-none-eabi/lib/thumb/v7e-m/fpv4-sp/hard\libc_nano.a(lib_a-memset.o)
 .ARM.attributes
                0x00000000000002e0       0x22 c:/st/stm32cubeide_1.5.0/stm32cubeide/plugins/com.st.stm32cube.ide.mcu.externaltools.gnu-tools-for-stm32.7-2018-q2-update.win32_1.5.0.202011040924/tools/bin/../lib/gcc/arm-none-eabi/7.3.1/thumb/v7e-m/fpv4-sp/hard/crtn.o
OUTPUT(KeypadExample.elf elf32-littlearm)

.debug_info     0x0000000000000000     0x5497
 .debug_info    0x0000000000000000      0x9b7 Core/Src/main.o
 .debug_info    0x00000000000009b7      0x506 Core/Src/stm32l4xx_hal_msp.o
 .debug_info    0x0000000000000ebd      0x349 Core/Src/stm32l4xx_it.o
 .debug_info    0x0000000000001206      0x734 Core/Src/system_stm32l4xx.o
 .debug_info    0x000000000000193a       0x22 Core/Startup/startup_stm32l432kcux.o
 .debug_info    0x000000000000195c      0xad1 Drivers/STM32L4xx_HAL_Driver/Src/stm32l4xx_hal.o
 .debug_info    0x000000000000242d      0xeef Drivers/STM32L4xx_HAL_Driver/Src/stm32l4xx_hal_cortex.o
 .debug_info    0x000000000000331c      0x9c2 Drivers/STM32L4xx_HAL_Driver/Src/stm32l4xx_hal_gpio.o
 .debug_info    0x0000000000003cde      0xadb Drivers/STM32L4xx_HAL_Driver/Src/stm32l4xx_hal_pwr_ex.o
 .debug_info    0x00000000000047b9      0xcde Drivers/STM32L4xx_HAL_Driver/Src/stm32l4xx_hal_rcc.o

.debug_abbrev   0x0000000000000000     0x1004
 .debug_abbrev  0x0000000000000000      0x1f0 Core/Src/main.o
 .debug_abbrev  0x00000000000001f0      0x125 Core/Src/stm32l4xx_hal_msp.o
 .debug_abbrev  0x0000000000000315       0xe2 Core/Src/stm32l4xx_it.o
 .debug_abbrev  0x00000000000003f7      0x150 Core/Src/system_stm32l4xx.o
 .debug_abbrev  0x0000000000000547       0x12 Core/Startup/startup_stm32l432kcux.o
 .debug_abbrev  0x0000000000000559      0x1e1 Drivers/STM32L4xx_HAL_Driver/Src/stm32l4xx_hal.o
 .debug_abbrev  0x000000000000073a      0x2fa Drivers/STM32L4xx_HAL_Driver/Src/stm32l4xx_hal_cortex.o
 .debug_abbrev  0x0000000000000a34      0x1c0 Drivers/STM32L4xx_HAL_Driver/Src/stm32l4xx_hal_gpio.o
 .debug_abbrev  0x0000000000000bf4      0x1cb Drivers/STM32L4xx_HAL_Driver/Src/stm32l4xx_hal_pwr_ex.o
 .debug_abbrev  0x0000000000000dbf      0x245 Drivers/STM32L4xx_HAL_Driver/Src/stm32l4xx_hal_rcc.o

.debug_aranges  0x0000000000000000      0x540
 .debug_aranges
                0x0000000000000000       0x48 Core/Src/main.o
 .debug_aranges
                0x0000000000000048       0x20 Core/Src/stm32l4xx_hal_msp.o
 .debug_aranges
                0x0000000000000068       0x60 Core/Src/stm32l4xx_it.o
 .debug_aranges
                0x00000000000000c8       0x28 Core/Src/system_stm32l4xx.o
 .debug_aranges
                0x00000000000000f0       0x28 Core/Startup/startup_stm32l432kcux.o
 .debug_aranges
                0x0000000000000118      0x108 Drivers/STM32L4xx_HAL_Driver/Src/stm32l4xx_hal.o
 .debug_aranges
                0x0000000000000220      0x118 Drivers/STM32L4xx_HAL_Driver/Src/stm32l4xx_hal_cortex.o
 .debug_aranges
                0x0000000000000338       0x58 Drivers/STM32L4xx_HAL_Driver/Src/stm32l4xx_hal_gpio.o
 .debug_aranges
                0x0000000000000390      0x128 Drivers/STM32L4xx_HAL_Driver/Src/stm32l4xx_hal_pwr_ex.o
 .debug_aranges
                0x00000000000004b8       0x88 Drivers/STM32L4xx_HAL_Driver/Src/stm32l4xx_hal_rcc.o

.debug_ranges   0x0000000000000000      0x4a8
 .debug_ranges  0x0000000000000000       0x38 Core/Src/main.o
 .debug_ranges  0x0000000000000038       0x10 Core/Src/stm32l4xx_hal_msp.o
 .debug_ranges  0x0000000000000048       0x50 Core/Src/stm32l4xx_it.o
 .debug_ranges  0x0000000000000098       0x18 Core/Src/system_stm32l4xx.o
 .debug_ranges  0x00000000000000b0       0x20 Core/Startup/startup_stm32l432kcux.o
 .debug_ranges  0x00000000000000d0       0xf8 Drivers/STM32L4xx_HAL_Driver/Src/stm32l4xx_hal.o
 .debug_ranges  0x00000000000001c8      0x108 Drivers/STM32L4xx_HAL_Driver/Src/stm32l4xx_hal_cortex.o
 .debug_ranges  0x00000000000002d0       0x48 Drivers/STM32L4xx_HAL_Driver/Src/stm32l4xx_hal_gpio.o
 .debug_ranges  0x0000000000000318      0x118 Drivers/STM32L4xx_HAL_Driver/Src/stm32l4xx_hal_pwr_ex.o
 .debug_ranges  0x0000000000000430       0x78 Drivers/STM32L4xx_HAL_Driver/Src/stm32l4xx_hal_rcc.o

.debug_macro    0x0000000000000000    0x1e42a
 .debug_macro   0x0000000000000000      0x1ee Core/Src/main.o
 .debug_macro   0x00000000000001ee      0xa5a Core/Src/main.o
 .debug_macro   0x0000000000000c48      0x1a1 Core/Src/main.o
 .debug_macro   0x0000000000000de9       0x2e Core/Src/main.o
 .debug_macro   0x0000000000000e17       0x28 Core/Src/main.o
 .debug_macro   0x0000000000000e3f       0x22 Core/Src/main.o
 .debug_macro   0x0000000000000e61       0x8e Core/Src/main.o
 .debug_macro   0x0000000000000eef       0x51 Core/Src/main.o
 .debug_macro   0x0000000000000f40       0xef Core/Src/main.o
 .debug_macro   0x000000000000102f       0x6a Core/Src/main.o
 .debug_macro   0x0000000000001099      0x1df Core/Src/main.o
 .debug_macro   0x0000000000001278       0x1c Core/Src/main.o
 .debug_macro   0x0000000000001294       0x22 Core/Src/main.o
 .debug_macro   0x00000000000012b6      0x101 Core/Src/main.o
 .debug_macro   0x00000000000013b7     0x1011 Core/Src/main.o
 .debug_macro   0x00000000000023c8      0x11f Core/Src/main.o
 .debug_macro   0x00000000000024e7    0x147b4 Core/Src/main.o
 .debug_macro   0x0000000000016c9b       0x43 Core/Src/main.o
 .debug_macro   0x0000000000016cde     0x3890 Core/Src/main.o
 .debug_macro   0x000000000001a56e      0x174 Core/Src/main.o
 .debug_macro   0x000000000001a6e2       0x5c Core/Src/main.o
 .debug_macro   0x000000000001a73e     0x118b Core/Src/main.o
 .debug_macro   0x000000000001b8c9      0x535 Core/Src/main.o
 .debug_macro   0x000000000001bdfe      0x13d Core/Src/main.o
 .debug_macro   0x000000000001bf3b      0x122 Core/Src/main.o
 .debug_macro   0x000000000001c05d      0x26b Core/Src/main.o
 .debug_macro   0x000000000001c2c8      0x23d Core/Src/main.o
 .debug_macro   0x000000000001c505      0x241 Core/Src/main.o
 .debug_macro   0x000000000001c746      0x375 Core/Src/main.o
 .debug_macro   0x000000000001cabb       0xd6 Core/Src/main.o
 .debug_macro   0x000000000001cb91      0x22c Core/Src/main.o
 .debug_macro   0x000000000001cdbd       0x61 Core/Src/main.o
 .debug_macro   0x000000000001ce1e       0xa5 Core/Src/main.o
 .debug_macro   0x000000000001cec3      0x122 Core/Src/main.o
 .debug_macro   0x000000000001cfe5      0x357 Core/Src/main.o
 .debug_macro   0x000000000001d33c      0x221 Core/Src/main.o
 .debug_macro   0x000000000001d55d       0x34 Core/Src/main.o
 .debug_macro   0x000000000001d591      0x1bb Core/Src/stm32l4xx_hal_msp.o
 .debug_macro   0x000000000001d74c      0x1c5 Core/Src/stm32l4xx_it.o
 .debug_macro   0x000000000001d911      0x1b7 Core/Src/system_stm32l4xx.o
 .debug_macro   0x000000000001dac8      0x1f9 Drivers/STM32L4xx_HAL_Driver/Src/stm32l4xx_hal.o
 .debug_macro   0x000000000001dcc1      0x1b1 Drivers/STM32L4xx_HAL_Driver/Src/stm32l4xx_hal_cortex.o
 .debug_macro   0x000000000001de72      0x1f0 Drivers/STM32L4xx_HAL_Driver/Src/stm32l4xx_hal_gpio.o
 .debug_macro   0x000000000001e062      0x1d5 Drivers/STM32L4xx_HAL_Driver/Src/stm32l4xx_hal_pwr_ex.o
 .debug_macro   0x000000000001e237      0x1f3 Drivers/STM32L4xx_HAL_Driver/Src/stm32l4xx_hal_rcc.o

.debug_line     0x0000000000000000     0x4b89
 .debug_line    0x0000000000000000      0x892 Core/Src/main.o
 .debug_line    0x0000000000000892      0x68f Core/Src/stm32l4xx_hal_msp.o
 .debug_line    0x0000000000000f21      0x737 Core/Src/stm32l4xx_it.o
 .debug_line    0x0000000000001658      0x6ba Core/Src/system_stm32l4xx.o
 .debug_line    0x0000000000001d12       0x87 Core/Startup/startup_stm32l432kcux.o
 .debug_line    0x0000000000001d99      0x8d0 Drivers/STM32L4xx_HAL_Driver/Src/stm32l4xx_hal.o
 .debug_line    0x0000000000002669      0x9b8 Drivers/STM32L4xx_HAL_Driver/Src/stm32l4xx_hal_cortex.o
 .debug_line    0x0000000000003021      0x7f6 Drivers/STM32L4xx_HAL_Driver/Src/stm32l4xx_hal_gpio.o
 .debug_line    0x0000000000003817      0x9bd Drivers/STM32L4xx_HAL_Driver/Src/stm32l4xx_hal_pwr_ex.o
 .debug_line    0x00000000000041d4      0x9b5 Drivers/STM32L4xx_HAL_Driver/Src/stm32l4xx_hal_rcc.o

.debug_str      0x0000000000000000    0xb72f2
 .debug_str     0x0000000000000000    0xb5aec Core/Src/main.o
                                      0xb5dc5 (size before relaxing)
 .debug_str     0x00000000000b5aec       0x2c Core/Src/stm32l4xx_hal_msp.o
                                      0xb5a3f (size before relaxing)
 .debug_str     0x00000000000b5b18       0xbd Core/Src/stm32l4xx_it.o
                                      0xb597d (size before relaxing)
 .debug_str     0x00000000000b5bd5       0xcd Core/Src/system_stm32l4xx.o
                                      0xb5ad5 (size before relaxing)
 .debug_str     0x00000000000b5ca2       0x36 Core/Startup/startup_stm32l432kcux.o
                                         0x76 (size before relaxing)
 .debug_str     0x00000000000b5cd8      0x860 Drivers/STM32L4xx_HAL_Driver/Src/stm32l4xx_hal.o
                                      0xb63b3 (size before relaxing)
 .debug_str     0x00000000000b6538      0x395 Drivers/STM32L4xx_HAL_Driver/Src/stm32l4xx_hal_cortex.o
                                      0xb6210 (size before relaxing)
 .debug_str     0x00000000000b68cd      0x23b Drivers/STM32L4xx_HAL_Driver/Src/stm32l4xx_hal_gpio.o
                                      0xb5d4f (size before relaxing)
 .debug_str     0x00000000000b6b08      0x455 Drivers/STM32L4xx_HAL_Driver/Src/stm32l4xx_hal_pwr_ex.o
                                      0xb5f78 (size before relaxing)
 .debug_str     0x00000000000b6f5d      0x395 Drivers/STM32L4xx_HAL_Driver/Src/stm32l4xx_hal_rcc.o
                                      0xb6051 (size before relaxing)

.comment        0x0000000000000000       0x7b
 .comment       0x0000000000000000       0x7b Core/Src/main.o
                                         0x7c (size before relaxing)
 .comment       0x000000000000007b       0x7c Core/Src/stm32l4xx_hal_msp.o
 .comment       0x000000000000007b       0x7c Core/Src/stm32l4xx_it.o
 .comment       0x000000000000007b       0x7c Core/Src/system_stm32l4xx.o
 .comment       0x000000000000007b       0x7c Drivers/STM32L4xx_HAL_Driver/Src/stm32l4xx_hal.o
 .comment       0x000000000000007b       0x7c Drivers/STM32L4xx_HAL_Driver/Src/stm32l4xx_hal_cortex.o
 .comment       0x000000000000007b       0x7c Drivers/STM32L4xx_HAL_Driver/Src/stm32l4xx_hal_gpio.o
 .comment       0x000000000000007b       0x7c Drivers/STM32L4xx_HAL_Driver/Src/stm32l4xx_hal_pwr_ex.o
 .comment       0x000000000000007b       0x7c Drivers/STM32L4xx_HAL_Driver/Src/stm32l4xx_hal_rcc.o

.debug_frame    0x0000000000000000     0x130c
 .debug_frame   0x0000000000000000       0xd4 Core/Src/main.o
 .debug_frame   0x00000000000000d4       0x38 Core/Src/stm32l4xx_hal_msp.o
 .debug_frame   0x000000000000010c      0x104 Core/Src/stm32l4xx_it.o
 .debug_frame   0x0000000000000210       0x58 Core/Src/system_stm32l4xx.o
 .debug_frame   0x0000000000000268      0x3dc Drivers/STM32L4xx_HAL_Driver/Src/stm32l4xx_hal.o
 .debug_frame   0x0000000000000644      0x498 Drivers/STM32L4xx_HAL_Driver/Src/stm32l4xx_hal_cortex.o
 .debug_frame   0x0000000000000adc      0x14c Drivers/STM32L4xx_HAL_Driver/Src/stm32l4xx_hal_gpio.o
 .debug_frame   0x0000000000000c28      0x4a4 Drivers/STM32L4xx_HAL_Driver/Src/stm32l4xx_hal_pwr_ex.o
 .debug_frame   0x00000000000010cc      0x1f4 Drivers/STM32L4xx_HAL_Driver/Src/stm32l4xx_hal_rcc.o
 .debug_frame   0x00000000000012c0       0x2c c:/st/stm32cubeide_1.5.0/stm32cubeide/plugins/com.st.stm32cube.ide.mcu.externaltools.gnu-tools-for-stm32.7-2018-q2-update.win32_1.5.0.202011040924/tools/bin/../lib/gcc/arm-none-eabi/7.3.1/../../../../arm-none-eabi/lib/thumb/v7e-m/fpv4-sp/hard\libc_nano.a(lib_a-init.o)
 .debug_frame   0x00000000000012ec       0x20 c:/st/stm32cubeide_1.5.0/stm32cubeide/plugins/com.st.stm32cube.ide.mcu.externaltools.gnu-tools-for-stm32.7-2018-q2-update.win32_1.5.0.202011040924/tools/bin/../lib/gcc/arm-none-eabi/7.3.1/../../../../arm-none-eabi/lib/thumb/v7e-m/fpv4-sp/hard\libc_nano.a(lib_a-memset.o)
